#-----------------------------------------------------------
# Vivado v2024.1 (64-bit)
# SW Build 5076996 on Wed May 22 18:37:14 MDT 2024
# IP Build 5075265 on Wed May 22 21:45:21 MDT 2024
# SharedData Build 5076995 on Wed May 22 18:29:18 MDT 2024
# Start of session at: Thu Apr 17 13:55:55 2025
# Process ID: 2772
# Current directory: C:/Users/NEWUSER/Desktop/chip/VHDL/vga/VGA1/VGA1.runs/synth_1
# Command line: vivado.exe -log top.vds -product Vivado -mode batch -messageDb vivado.pb -notrace -source top.tcl
# Log file: C:/Users/NEWUSER/Desktop/chip/VHDL/vga/VGA1/VGA1.runs/synth_1/top.vds
# Journal file: C:/Users/NEWUSER/Desktop/chip/VHDL/vga/VGA1/VGA1.runs/synth_1\vivado.jou
# Running On        :DESKTOP-RAAJ13S
# Platform          :Windows Server 2016 or Windows 10
# Operating System  :22631
# Processor Detail  :12th Gen Intel(R) Core(TM) i5-12450H
# CPU Frequency     :2496 MHz
# CPU Physical cores:8
# CPU Logical cores :12
# Host memory       :34085 MB
# Swap memory       :84766 MB
# Total Virtual     :118851 MB
# Available Virtual :95016 MB
#-----------------------------------------------------------
source top.tcl -notrace
